#
# There is insufficient memory for the Java Runtime Environment to continue.
# Native memory allocation (mmap) failed to map 262144000 bytes. Error detail: G1 virtual space
# Possible reasons:
#   The system is out of physical RAM or swap space
#   This process is running with CompressedOops enabled, and the Java Heap may be blocking the growth of the native heap
# Possible solutions:
#   Reduce memory load on the system
#   Increase physical memory or swap space
#   Check if swap backing store is full
#   Decrease Java heap size (-Xmx/-Xms)
#   Decrease number of Java threads
#   Decrease Java thread stack sizes (-Xss)
#   Set larger code cache with -XX:ReservedCodeCacheSize=
#   JVM is running with Zero Based Compressed Oops mode in which the Java heap is
#     placed in the first 32GB address space. The Java Heap base address is the
#     maximum limit for the native heap growth. Please use -XX:HeapBaseMinAddress
#     to set the Java Heap base and to place the Java Heap above 32GB virtual address.
# This output file may be truncated or incomplete.
#
#  Out of Memory Error (os_windows.cpp:3925), pid=35292, tid=8096
#
# JRE version:  (21.0.9) (build )
# Java VM: OpenJDK 64-Bit Server VM (21.0.9+-14787801-b1163.94, mixed mode, sharing, tiered, compressed oops, compressed class ptrs, g1 gc, windows-amd64)
# No core dump will be written. Minidumps are not enabled by default on client versions of Windows
#

---------------  S U M M A R Y ------------

Command Line: git4idea.http.GitAskPassApp Username for 'https://github.com': 

Host: 13th Gen Intel(R) Core(TM) i7-1360P, 16 cores, 15G,  Windows 11 , 64 bit Build 26100 (10.0.26100.9168)
Time: Thu Aug 20 12:14:36 2026 South Africa Standard Time elapsed time: 1.076278 seconds (0d 0h 0m 1s)

---------------  T H R E A D  ---------------

Current thread (0x000001fefde06c90):  JavaThread "Unknown thread" [_thread_in_vm, id=8096, stack(0x0000004965400000,0x0000004965500000) (1024K)]

Stack: [0x0000004965400000,0x0000004965500000]
Native frames: (J=compiled Java code, j=interpreted, Vv=VM code, C=native code)
V  [jvm.dll+0x6d6c99]
V  [jvm.dll+0x866b83]
V  [jvm.dll+0x8691ae]
V  [jvm.dll+0x869893]
V  [jvm.dll+0x280776]
V  [jvm.dll+0x6d3555]
V  [jvm.dll+0x6c6bea]
V  [jvm.dll+0x3587fb]
V  [jvm.dll+0x360476]
V  [jvm.dll+0x3b2646]
V  [jvm.dll+0x3b2918]
V  [jvm.dll+0x32af0c]
V  [jvm.dll+0x32bbfb]
V  [jvm.dll+0x82e839]
V  [jvm.dll+0x3bf818]
V  [jvm.dll+0x8179d8]
V  [jvm.dll+0x453cbe]
V  [jvm.dll+0x455421]
C  [jli.dll+0x52ab]
C  [ucrtbase.dll+0x2cd30]
C  [KERNEL32.DLL+0x2ccb7]
C  [ntdll.dll+0xaad6c]


---------------  P R O C E S S  ---------------

Threads class SMR info:
_java_thread_list=0x00007ffc56f8b988, length=0, elements={
}

Java Threads: ( => current thread )
Total: 0

Other Threads:
  0x000001feff9c3c30 WorkerThread "GC Thread#0"                     [id=38208, stack(0x0000004965500000,0x0000004965600000) (1024K)]
  0x000001feff9d6270 ConcurrentGCThread "G1 Main Marker"            [id=4304, stack(0x0000004965600000,0x0000004965700000) (1024K)]
  0x000001feff9d7320 WorkerThread "G1 Conc#0"                       [id=1376, stack(0x0000004965700000,0x0000004965800000) (1024K)]

[error occurred during error reporting (printing all threads), id 0xc0000005, EXCEPTION_ACCESS_VIOLATION (0xc0000005) at pc=0x00007ffc5677dee7]
VM state: not at safepoint (not fully initialized)

VM Mutex/Monitor currently owned by a thread:  ([mutex/lock_event])
[0x00007ffc56ff8790] Heap_lock - owner thread: 0x000001fefde06c90

Heap address: 0x0000000706000000, size: 4000 MB, Compressed Oops mode: Zero based, Oop shift amount: 3

CDS archive(s) mapped at: [0x0000000000000000-0x0000000000000000-0x0000000000000000), size 0, SharedBaseAddress: 0x0000000800000000, ArchiveRelocationMode: 1.
Narrow klass base: 0x0000000000000000, Narrow klass shift: 0, Narrow klass range: 0x0

GC Precious Log:
 CardTable entry size: 512
 Card Set container configuration: InlinePtr #cards 4 size 8 Array Of Cards #cards 16 size 48 Howl #buckets 8 coarsen threshold 3686 Howl Bitmap #cards 512 size 80 coarsen threshold 460 Card regions per heap region 1 cards per card region 4096

Heap:
 garbage-first heap   total 0K, used 0K [0x0000000706000000, 0x0000000800000000)
  region size 2048K, 0 young (0K), 0 survivors (0K)
 Metaspace       used 0K, committed 0K, reserved 0K
  class space    used 0K, committed 0K, reserved 0K

Heap Regions: E=young(eden), S=young(survivor), O=old, HS=humongous(starts), HC=humongous(continues), CS=collection set, F=free, TAMS=top-at-mark-start, PB=parsable bottom

Card table byte_map: [0x000001fe93340000,0x000001fe93b10000] _byte_map_base: 0x000001fe8fb10000

Marking Bits: (CMBitMap*) 0x000001feff9c5150
 Bits: [0x000001fe93b10000, 0x000001fe97990000)

GC Heap History (0 events):
No events

Dll operation events (1 events):
Event: 0.016 Loaded shared library C:\Program Files\Android\Android Studio\jbr\bin\java.dll

Deoptimization events (0 events):
No events

Classes loaded (0 events):
No events

Classes unloaded (0 events):
No events

Classes redefined (0 events):
No events

Internal exceptions (0 events):
No events

ZGC Phase Switch (0 events):
No events

VM Operations (0 events):
No events

Memory protections (0 events):
No events

Nmethod flushes (0 events):
No events

Events (0 events):
No events


Dynamic libraries:
0x00007ff661ea0000 - 0x00007ff661eaa000 	C:\Program Files\Android\Android Studio\jbr\bin\java.exe
0x00007ffd50d60000 - 0x00007ffd50fc6000 	C:\WINDOWS\SYSTEM32\ntdll.dll
0x00007ffd4f200000 - 0x00007ffd4f2c9000 	C:\WINDOWS\System32\KERNEL32.DLL
0x00007ffd4e370000 - 0x00007ffd4e76f000 	C:\WINDOWS\System32\KERNELBASE.dll
0x00007ffd4e870000 - 0x00007ffd4e9bc000 	C:\WINDOWS\System32\ucrtbase.dll
0x00007ffd1b8c0000 - 0x00007ffd1b8d8000 	C:\Program Files\Android\Android Studio\jbr\bin\jli.dll
0x00007ffd32d60000 - 0x00007ffd32d7b000 	C:\Program Files\Android\Android Studio\jbr\bin\VCRUNTIME140.dll
0x00007ffd4f6c0000 - 0x00007ffd4f886000 	C:\WINDOWS\System32\USER32.dll
0x00007ffd31dc0000 - 0x00007ffd32051000 	C:\WINDOWS\WinSxS\amd64_microsoft.windows.common-controls_6595b64144ccf1df_6.0.26100.8972_none_3e0da176e32f9d4b\COMCTL32.dll
0x00007ffd4e840000 - 0x00007ffd4e867000 	C:\WINDOWS\System32\win32u.dll
0x00007ffd4f350000 - 0x00007ffd4f3f9000 	C:\WINDOWS\System32\msvcrt.dll
0x00007ffd50950000 - 0x00007ffd5097b000 	C:\WINDOWS\System32\GDI32.dll
0x00007ffd4e190000 - 0x00007ffd4e2b9000 	C:\WINDOWS\System32\gdi32full.dll
0x00007ffd4e2c0000 - 0x00007ffd4e363000 	C:\WINDOWS\System32\msvcp_win.dll
0x00007ffd4eac0000 - 0x00007ffd4eaf2000 	C:\WINDOWS\System32\IMM32.DLL
0x00007ffd48350000 - 0x00007ffd4835c000 	C:\Program Files\Android\Android Studio\jbr\bin\vcruntime140_1.dll
0x00007ffc91c50000 - 0x00007ffc91cdd000 	C:\Program Files\Android\Android Studio\jbr\bin\msvcp140.dll
0x00007ffc56440000 - 0x00007ffc570d6000 	C:\Program Files\Android\Android Studio\jbr\bin\server\jvm.dll
0x00007ffd50380000 - 0x00007ffd5043c000 	C:\WINDOWS\System32\ADVAPI32.dll
0x00007ffd50650000 - 0x00007ffd506fa000 	C:\WINDOWS\System32\sechost.dll
0x00007ffd504a0000 - 0x00007ffd505b8000 	C:\WINDOWS\System32\RPCRT4.dll
0x00007ffd4eb00000 - 0x00007ffd4eb82000 	C:\WINDOWS\System32\WS2_32.dll
0x00007ffd4ddd0000 - 0x00007ffd4de2e000 	C:\WINDOWS\SYSTEM32\POWRPROF.dll
0x00007ffd4a950000 - 0x00007ffd4a986000 	C:\WINDOWS\SYSTEM32\WINMM.dll
0x00007ffd438c0000 - 0x00007ffd438cb000 	C:\WINDOWS\SYSTEM32\VERSION.dll
0x00007ffd4ddb0000 - 0x00007ffd4ddc5000 	C:\WINDOWS\SYSTEM32\UMPDC.dll
0x00007ffd4caf0000 - 0x00007ffd4cb0b000 	C:\WINDOWS\SYSTEM32\kernel.appcore.dll
0x00007ffd48310000 - 0x00007ffd4831a000 	C:\Program Files\Android\Android Studio\jbr\bin\jimage.dll
0x00007ffd4b260000 - 0x00007ffd4b4a2000 	C:\WINDOWS\SYSTEM32\DBGHELP.DLL
0x00007ffd50990000 - 0x00007ffd50d15000 	C:\WINDOWS\System32\combase.dll
0x00007ffd4f890000 - 0x00007ffd4f969000 	C:\WINDOWS\System32\OLEAUT32.dll
0x00007ffd4a910000 - 0x00007ffd4a94b000 	C:\WINDOWS\SYSTEM32\dbgcore.DLL
0x00007ffd4e9d0000 - 0x00007ffd4ea7c000 	C:\WINDOWS\System32\bcryptPrimitives.dll
0x00007ffd32b40000 - 0x00007ffd32b60000 	C:\Program Files\Android\Android Studio\jbr\bin\java.dll

JVMTI agents: none

dbghelp: loaded successfully - version: 4.0.5 - missing functions: none
symbol engine: initialized successfully - sym options: 0x614 - pdb path: .;C:\Program Files\Android\Android Studio\jbr\bin;C:\WINDOWS\SYSTEM32;C:\WINDOWS\WinSxS\amd64_microsoft.windows.common-controls_6595b64144ccf1df_6.0.26100.8972_none_3e0da176e32f9d4b;C:\Program Files\Android\Android Studio\jbr\bin\server

VM Arguments:
java_command: git4idea.http.GitAskPassApp Username for 'https://github.com': 
java_class_path (initial): C:/Program Files/Android/Android Studio/plugins/vcs-git/lib/git4idea-rt.jar;C:/Program Files/Android/Android Studio/lib/externalProcess-rt.jar
Launcher Type: SUN_STANDARD

[Global flags]
     intx CICompilerCount                          = 12                                        {product} {ergonomic}
     uint ConcGCThreads                            = 3                                         {product} {ergonomic}
     uint G1ConcRefinementThreads                  = 13                                        {product} {ergonomic}
   size_t G1HeapRegionSize                         = 2097152                                   {product} {ergonomic}
    uintx GCDrainStackTargetSize                   = 64                                        {product} {ergonomic}
   size_t InitialHeapSize                          = 262144000                                 {product} {ergonomic}
   size_t MarkStackSize                            = 4194304                                   {product} {ergonomic}
   size_t MaxHeapSize                              = 4194304000                                {product} {ergonomic}
   size_t MinHeapDeltaBytes                        = 2097152                                   {product} {ergonomic}
   size_t MinHeapSize                              = 8388608                                   {product} {ergonomic}
    uintx NonNMethodCodeHeapSize                   = 7602480                                {pd product} {ergonomic}
    uintx NonProfiledCodeHeapSize                  = 122027880                              {pd product} {ergonomic}
    uintx ProfiledCodeHeapSize                     = 122027880                              {pd product} {ergonomic}
    uintx ReservedCodeCacheSize                    = 251658240                              {pd product} {ergonomic}
     bool SegmentedCodeCache                       = true                                      {product} {ergonomic}
   size_t SoftMaxHeapSize                          = 4194304000                             {manageable} {ergonomic}
     bool UseCompressedOops                        = true                           {product lp64_product} {ergonomic}
     bool UseG1GC                                  = true                                      {product} {ergonomic}
     bool UseLargePagesIndividualAllocation        = false                                  {pd product} {ergonomic}

Logging:
Log output configuration:
 #0: stdout all=warning uptime,level,tags foldmultilines=false
 #1: stderr all=off uptime,level,tags foldmultilines=false

Release file:
<release file has not been read>
Environment Variables:
PATH=C:\Program Files\Git\mingw64\libexec\git-core;C:\Program Files\Git\mingw64\libexec\git-core;C:\Program Files\Git\mingw64\bin;C:\Program Files\Git\usr\bin;C:\Users\saman\bin;C:\Users\saman\Downloads\WINDOWS.X64_193000_db_home\bin;C:\WINDOWS\system32;C:\WINDOWS;C:\WINDOWS\System32\Wbem;C:\WINDOWS\System32\WindowsPowerShell\v1.0;C:\WINDOWS\System32\OpenSSH;C:\Program Files\dotnet;C:\Program Files\Microsoft SQL Server\150\Tools\Binn;C:\Program Files\Microsoft SQL Server\Client SDK\ODBC\170\Tools\Binn;C:\Program Files (x86)\Microsoft SQL Server\160\Tools\Binn;C:\Program Files\Microsoft SQL Server\160\Tools\Binn;C:\Program Files\Microsoft SQL Server\160\DTS\Binn;C:\Program Files (x86)\Microsoft SQL Server\160\DTS\Binn;C:\Program Files\Microsoft SQL Server\170\Tools\Binn;C:\Program Files\Git\cmd;C:\Program Files\Docker\Docker\resources\bin;C:\Program Files\nodejs;C:\ProgramData\chocolatey\bin;C:\Program Files\MySQL\MySQL Shell 8.0\bin;C:\Users\saman\AppData\Local\Microsoft\WindowsApps;C:\Users\saman\AppData\Local\Programs\mongosh;C:\Users\saman\.dotnet\tools;C:\Users\saman\AppData\Local\GitHubDesktop\bin;C:\Users\saman\AppData\Roaming\npm;C:\Users\saman\AppData\Local\Programs\Microsoft VS Code\bin;C:\Program Files\Git\mingw64\bin
USERNAME=saman
DISPLAY=:0.0
LC_ALL=en_US.UTF-8
TERM=xterm-256color
TMPDIR=C:\Users\saman\AppData\Local\Temp
OS=Windows_NT
PROCESSOR_IDENTIFIER=Intel64 Family 6 Model 186 Stepping 2, GenuineIntel
TMP=C:\Users\saman\AppData\Local\Temp
TEMP=C:\Users\saman\AppData\Local\Temp




Periodic native trim disabled

JNI global refs:
JNI global refs: 0, weak refs: 0

JNI global refs memory usage: 0, weak refs: 0

Process memory usage:
Resident Set Size: 13300K (0% of 16376148K total physical memory with 180892K free physical memory)

OOME stack traces (most recent first):
Classloader memory used:

---------------  S Y S T E M  ---------------

OS:
 Windows 11 , 64 bit Build 26100 (10.0.26100.9168)
OS uptime: 6 days 8:02 hours
Hyper-V role detected

CPU: total 16 (initial active 16) (8 cores per cpu, 2 threads per core) family 6 model 186 stepping 2 microcode 0x6134, cx8, cmov, fxsr, ht, mmx, 3dnowpref, sse, sse2, sse3, ssse3, sse4.1, sse4.2, popcnt, lzcnt, tsc, tscinvbit, avx, avx2, aes, erms, clmul, bmi1, bmi2, adx, sha, fma, vzeroupper, clflush, clflushopt, clwb, hv, serialize, rdtscp, rdpid, fsrm, f16c, cet_ibt, cet_ss
Processor Information for processor 0
  Max Mhz: 2200, Current Mhz: 2200, Mhz Limit: 2200
Processor Information for processor 1
  Max Mhz: 2200, Current Mhz: 2200, Mhz Limit: 2200
Processor Information for processor 2
  Max Mhz: 2200, Current Mhz: 2200, Mhz Limit: 2200
Processor Information for processor 3
  Max Mhz: 2200, Current Mhz: 2200, Mhz Limit: 2200
Processor Information for processor 4
  Max Mhz: 2200, Current Mhz: 2200, Mhz Limit: 2200
Processor Information for processor 5
  Max Mhz: 2200, Current Mhz: 2200, Mhz Limit: 2200
Processor Information for processor 6
  Max Mhz: 2200, Current Mhz: 2200, Mhz Limit: 2200
Processor Information for processor 7
  Max Mhz: 2200, Current Mhz: 2200, Mhz Limit: 2200
Processor Information for processor 8
  Max Mhz: 2200, Current Mhz: 1512, Mhz Limit: 2200
Processor Information for processor 9
  Max Mhz: 2200, Current Mhz: 2200, Mhz Limit: 2200
Processor Information for processor 10
  Max Mhz: 2200, Current Mhz: 2200, Mhz Limit: 2200
Processor Information for processor 11
  Max Mhz: 2200, Current Mhz: 1512, Mhz Limit: 2200
Processor Information for processor 12
  Max Mhz: 2200, Current Mhz: 1512, Mhz Limit: 2200
Processor Information for processor 13
  Max Mhz: 2200, Current Mhz: 1512, Mhz Limit: 2200
Processor Information for processor 14
  Max Mhz: 2200, Current Mhz: 1512, Mhz Limit: 2200
Processor Information for processor 15
  Max Mhz: 2200, Current Mhz: 1512, Mhz Limit: 2200

Memory: 4k page, system-wide physical 15992M (175M free)
TotalPageFile size 65144M (AvailPageFile size 247M)
current process WorkingSet (physical memory assigned to process): 13M, peak: 13M
current process commit charge ("private bytes"): 70M, peak: 320M

vm_info: OpenJDK 64-Bit Server VM (21.0.9+-14787801-b1163.94) for windows-amd64 JRE (21.0.9+-14787801-b1163.94), built on 2026-01-27T21:15:44Z by "builder" with MS VC++ 16.10 / 16.11 (VS2019)

END.
